// Jest Snapshot v1, https://goo.gl/fbAQLP

exports[`Testing SelectDropDownList Component Check ListItem Snapshot 1`] = `
ShallowWrapper {
  "length": 1,
  Symbol(enzyme.__root__): [Circular],
  Symbol(enzyme.__unrendered__): <View>
    <TouchableOpacity
      activeOpacity={0.2}
      onPress={[MockFunction]}
    >
      <View
        style={
          Array [
            Object {
              "alignItems": "center",
              "flexDirection": "row",
              "height": 40,
              "justifyContent": "center",
            },
            Object {
              "backgroundColor": "#FF0000",
            },
          ]
        }
      >
        <Text
          accessible={true}
          allowFontScaling={true}
          disabled={false}
          ellipsizeMode="tail"
          style={
            Array [
              Object {
                "flex": 1,
                "fontSize": 16,
                "paddingBottom": 5,
                "paddingTop": 5,
              },
              Object {
                "color": "black",
              },
            ]
          }
        >
          Abuja
        </Text>
      </View>
    </TouchableOpacity>
  </View>,
  Symbol(enzyme.__renderer__): Object {
    "batchedUpdates": [Function],
    "getNode": [Function],
    "render": [Function],
    "simulateEvent": [Function],
    "unmount": [Function],
  },
  Symbol(enzyme.__node__): Object {
    "instance": null,
    "key": undefined,
    "nodeType": "host",
    "props": Object {
      "children": <TouchableOpacity
        activeOpacity={0.2}
        onPress={[MockFunction]}
      >
        <View
          style={
            Array [
              Object {
                "alignItems": "center",
                "flexDirection": "row",
                "height": 40,
                "justifyContent": "center",
              },
              Object {
                "backgroundColor": "#FF0000",
              },
            ]
          }
        >
          <Text
            accessible={true}
            allowFontScaling={true}
            disabled={false}
            ellipsizeMode="tail"
            style={
              Array [
                Object {
                  "flex": 1,
                  "fontSize": 16,
                  "paddingBottom": 5,
                  "paddingTop": 5,
                },
                Object {
                  "color": "black",
                },
              ]
            }
          >
            Abuja
          </Text>
        </View>
      </TouchableOpacity>,
    },
    "ref": null,
    "rendered": Object {
      "instance": null,
      "key": undefined,
      "nodeType": "class",
      "props": Object {
        "activeOpacity": 0.2,
        "children": <View
          style={
            Array [
              Object {
                "alignItems": "center",
                "flexDirection": "row",
                "height": 40,
                "justifyContent": "center",
              },
              Object {
                "backgroundColor": "#FF0000",
              },
            ]
          }
        >
          <Text
            accessible={true}
            allowFontScaling={true}
            disabled={false}
            ellipsizeMode="tail"
            style={
              Array [
                Object {
                  "flex": 1,
                  "fontSize": 16,
                  "paddingBottom": 5,
                  "paddingTop": 5,
                },
                Object {
                  "color": "black",
                },
              ]
            }
          >
            Abuja
          </Text>
        </View>,
        "onPress": [MockFunction],
      },
      "ref": null,
      "rendered": Object {
        "instance": null,
        "key": undefined,
        "nodeType": "class",
        "props": Object {
          "children": <Text
            accessible={true}
            allowFontScaling={true}
            disabled={false}
            ellipsizeMode="tail"
            style={
              Array [
                Object {
                  "flex": 1,
                  "fontSize": 16,
                  "paddingBottom": 5,
                  "paddingTop": 5,
                },
                Object {
                  "color": "black",
                },
              ]
            }
          >
            Abuja
          </Text>,
          "style": Array [
            Object {
              "alignItems": "center",
              "flexDirection": "row",
              "height": 40,
              "justifyContent": "center",
            },
            Object {
              "backgroundColor": "#FF0000",
            },
          ],
        },
        "ref": null,
        "rendered": Object {
          "instance": null,
          "key": undefined,
          "nodeType": "class",
          "props": Object {
            "accessible": true,
            "allowFontScaling": true,
            "children": "Abuja",
            "disabled": false,
            "ellipsizeMode": "tail",
            "style": Array [
              Object {
                "flex": 1,
                "fontSize": 16,
                "paddingBottom": 5,
                "paddingTop": 5,
              },
              Object {
                "color": "black",
              },
            ],
          },
          "ref": null,
          "rendered": "Abuja",
          "type": [Function],
        },
        "type": [Function],
      },
      "type": [Function],
    },
    "type": "View",
  },
  Symbol(enzyme.__nodes__): Array [
    Object {
      "instance": null,
      "key": undefined,
      "nodeType": "host",
      "props": Object {
        "children": <TouchableOpacity
          activeOpacity={0.2}
          onPress={[MockFunction]}
        >
          <View
            style={
              Array [
                Object {
                  "alignItems": "center",
                  "flexDirection": "row",
                  "height": 40,
                  "justifyContent": "center",
                },
                Object {
                  "backgroundColor": "#FF0000",
                },
              ]
            }
          >
            <Text
              accessible={true}
              allowFontScaling={true}
              disabled={false}
              ellipsizeMode="tail"
              style={
                Array [
                  Object {
                    "flex": 1,
                    "fontSize": 16,
                    "paddingBottom": 5,
                    "paddingTop": 5,
                  },
                  Object {
                    "color": "black",
                  },
                ]
              }
            >
              Abuja
            </Text>
          </View>
        </TouchableOpacity>,
      },
      "ref": null,
      "rendered": Object {
        "instance": null,
        "key": undefined,
        "nodeType": "class",
        "props": Object {
          "activeOpacity": 0.2,
          "children": <View
            style={
              Array [
                Object {
                  "alignItems": "center",
                  "flexDirection": "row",
                  "height": 40,
                  "justifyContent": "center",
                },
                Object {
                  "backgroundColor": "#FF0000",
                },
              ]
            }
          >
            <Text
              accessible={true}
              allowFontScaling={true}
              disabled={false}
              ellipsizeMode="tail"
              style={
                Array [
                  Object {
                    "flex": 1,
                    "fontSize": 16,
                    "paddingBottom": 5,
                    "paddingTop": 5,
                  },
                  Object {
                    "color": "black",
                  },
                ]
              }
            >
              Abuja
            </Text>
          </View>,
          "onPress": [MockFunction],
        },
        "ref": null,
        "rendered": Object {
          "instance": null,
          "key": undefined,
          "nodeType": "class",
          "props": Object {
            "children": <Text
              accessible={true}
              allowFontScaling={true}
              disabled={false}
              ellipsizeMode="tail"
              style={
                Array [
                  Object {
                    "flex": 1,
                    "fontSize": 16,
                    "paddingBottom": 5,
                    "paddingTop": 5,
                  },
                  Object {
                    "color": "black",
                  },
                ]
              }
            >
              Abuja
            </Text>,
            "style": Array [
              Object {
                "alignItems": "center",
                "flexDirection": "row",
                "height": 40,
                "justifyContent": "center",
              },
              Object {
                "backgroundColor": "#FF0000",
              },
            ],
          },
          "ref": null,
          "rendered": Object {
            "instance": null,
            "key": undefined,
            "nodeType": "class",
            "props": Object {
              "accessible": true,
              "allowFontScaling": true,
              "children": "Abuja",
              "disabled": false,
              "ellipsizeMode": "tail",
              "style": Array [
                Object {
                  "flex": 1,
                  "fontSize": 16,
                  "paddingBottom": 5,
                  "paddingTop": 5,
                },
                Object {
                  "color": "black",
                },
              ],
            },
            "ref": null,
            "rendered": "Abuja",
            "type": [Function],
          },
          "type": [Function],
        },
        "type": [Function],
      },
      "type": "View",
    },
  ],
  Symbol(enzyme.__options__): Object {
    "adapter": ReactSixteenAdapter {
      "options": Object {
        "enableComponentDidUpdateOnSetState": true,
      },
    },
  },
}
`;
