// Jest Snapshot v1, https://goo.gl/fbAQLP

exports[`renders correctly 1`] = `
<View
  style={
    Object {
      "alignItems": "center",
      "flex": 1,
      "justifyContent": "center",
    }
  }
>
  <Image
    source={1}
    style={
      Object {
        "height": 80,
        "width": 80,
      }
    }
  />
  <Text
    accessible={true}
    allowFontScaling={true}
    disabled={false}
    ellipsizeMode="tail"
    style={
      Object {
        "backgroundColor": "transparent",
        "color": "white",
        "fontWeight": "bold",
        "marginTop": 20,
      }
    }
  >
    SWAPI LOGIN
  </Text>
</View>
`;
