// Jest Snapshot v1, https://goo.gl/fbAQLP

exports[`Testing SelectDropDownList Component Check SelectDropDownList Snapshot 1`] = `
ShallowWrapper {
  "length": 1,
  Symbol(enzyme.__root__): [Circular],
  Symbol(enzyme.__unrendered__): <ImageBackground
    source={1}
    style={
      Object {
        "flex": 1,
      }
    }
  >
    <View
      style={
        Array [
          Object {
            "flex": 1,
          },
          Object {
            "marginTop": 20,
          },
        ]
      }
    >
      <SelectDropDownList
        displayKey="name"
        items={Array []}
        onSelectedItemsChange={[Function]}
        placeHolderText="Type planet name"
        selectedItems={Array []}
        uniqueKey="id"
      />
      <Text
        accessible={true}
        allowFontScaling={true}
        disabled={false}
        ellipsizeMode="tail"
        style={
          Object {
            "borderColor": "#111",
            "borderWidth": 1,
            "color": "#111",
            "fontSize": 16,
            "paddingLeft": 10,
          }
        }
      >
        Population: undefined

Climate: undefined

Terrain: undefined
      </Text>
      <AnimatedComponent
        style={
          Object {
            "width": 710,
          }
        }
      >
        <TouchableOpacity
          activeOpacity={1}
          onPress={[Function]}
          style={
            Object {
              "alignItems": "center",
              "backgroundColor": "#ADD8E6",
              "borderRadius": 20,
              "height": 40,
              "justifyContent": "center",
              "marginLeft": 25,
              "marginTop": 100,
              "zIndex": 100,
            }
          }
        >
          <Text
            accessible={true}
            allowFontScaling={true}
            disabled={false}
            ellipsizeMode="tail"
            style={undefined}
          >
            LOG OUT
          </Text>
        </TouchableOpacity>
      </AnimatedComponent>
    </View>
  </ImageBackground>,
  Symbol(enzyme.__renderer__): Object {
    "batchedUpdates": [Function],
    "getNode": [Function],
    "render": [Function],
    "simulateEvent": [Function],
    "unmount": [Function],
  },
  Symbol(enzyme.__node__): Object {
    "instance": null,
    "key": undefined,
    "nodeType": "class",
    "props": Object {
      "children": Array [
        <Image
          source={1}
          style={
            Array [
              Object {
                "bottom": 0,
                "left": 0,
                "position": "absolute",
                "right": 0,
                "top": 0,
              },
              Object {
                "height": undefined,
                "width": undefined,
              },
              undefined,
            ]
          }
        />,
        <View
          style={
            Array [
              Object {
                "flex": 1,
              },
              Object {
                "marginTop": 20,
              },
            ]
          }
        >
          <SelectDropDownList
            displayKey="name"
            items={Array []}
            onSelectedItemsChange={[Function]}
            placeHolderText="Type planet name"
            selectedItems={Array []}
            uniqueKey="id"
          />
          <Text
            accessible={true}
            allowFontScaling={true}
            disabled={false}
            ellipsizeMode="tail"
            style={
              Object {
                "borderColor": "#111",
                "borderWidth": 1,
                "color": "#111",
                "fontSize": 16,
                "paddingLeft": 10,
              }
            }
          >
            Population: undefined

Climate: undefined

Terrain: undefined
          </Text>
          <AnimatedComponent
            style={
              Object {
                "width": 710,
              }
            }
          >
            <TouchableOpacity
              activeOpacity={1}
              onPress={[Function]}
              style={
                Object {
                  "alignItems": "center",
                  "backgroundColor": "#ADD8E6",
                  "borderRadius": 20,
                  "height": 40,
                  "justifyContent": "center",
                  "marginLeft": 25,
                  "marginTop": 100,
                  "zIndex": 100,
                }
              }
            >
              <Text
                accessible={true}
                allowFontScaling={true}
                disabled={false}
                ellipsizeMode="tail"
                style={undefined}
              >
                LOG OUT
              </Text>
            </TouchableOpacity>
          </AnimatedComponent>
        </View>,
      ],
      "style": Object {
        "flex": 1,
      },
    },
    "ref": [Function],
    "rendered": Array [
      Object {
        "instance": null,
        "key": undefined,
        "nodeType": "class",
        "props": Object {
          "source": 1,
          "style": Array [
            Object {
              "bottom": 0,
              "left": 0,
              "position": "absolute",
              "right": 0,
              "top": 0,
            },
            Object {
              "height": undefined,
              "width": undefined,
            },
            undefined,
          ],
        },
        "ref": null,
        "rendered": null,
        "type": [Function],
      },
      Object {
        "instance": null,
        "key": undefined,
        "nodeType": "class",
        "props": Object {
          "children": Array [
            <SelectDropDownList
              displayKey="name"
              items={Array []}
              onSelectedItemsChange={[Function]}
              placeHolderText="Type planet name"
              selectedItems={Array []}
              uniqueKey="id"
            />,
            <Text
              accessible={true}
              allowFontScaling={true}
              disabled={false}
              ellipsizeMode="tail"
              style={
                Object {
                  "borderColor": "#111",
                  "borderWidth": 1,
                  "color": "#111",
                  "fontSize": 16,
                  "paddingLeft": 10,
                }
              }
            >
              Population: undefined

Climate: undefined

Terrain: undefined
            </Text>,
            <AnimatedComponent
              style={
                Object {
                  "width": 710,
                }
              }
            >
              <TouchableOpacity
                activeOpacity={1}
                onPress={[Function]}
                style={
                  Object {
                    "alignItems": "center",
                    "backgroundColor": "#ADD8E6",
                    "borderRadius": 20,
                    "height": 40,
                    "justifyContent": "center",
                    "marginLeft": 25,
                    "marginTop": 100,
                    "zIndex": 100,
                  }
                }
              >
                <Text
                  accessible={true}
                  allowFontScaling={true}
                  disabled={false}
                  ellipsizeMode="tail"
                  style={undefined}
                >
                  LOG OUT
                </Text>
              </TouchableOpacity>
            </AnimatedComponent>,
          ],
          "style": Array [
            Object {
              "flex": 1,
            },
            Object {
              "marginTop": 20,
            },
          ],
        },
        "ref": null,
        "rendered": Array [
          Object {
            "instance": null,
            "key": undefined,
            "nodeType": "class",
            "props": Object {
              "displayKey": "name",
              "items": Array [],
              "onSelectedItemsChange": [Function],
              "placeHolderText": "Type planet name",
              "selectedItems": Array [],
              "uniqueKey": "id",
            },
            "ref": null,
            "rendered": null,
            "type": [Function],
          },
          Object {
            "instance": null,
            "key": undefined,
            "nodeType": "class",
            "props": Object {
              "accessible": true,
              "allowFontScaling": true,
              "children": "Population: undefined

Climate: undefined

Terrain: undefined",
              "disabled": false,
              "ellipsizeMode": "tail",
              "style": Object {
                "borderColor": "#111",
                "borderWidth": 1,
                "color": "#111",
                "fontSize": 16,
                "paddingLeft": 10,
              },
            },
            "ref": null,
            "rendered": "Population: undefined

Climate: undefined

Terrain: undefined",
            "type": [Function],
          },
          Object {
            "instance": null,
            "key": undefined,
            "nodeType": "class",
            "props": Object {
              "children": <TouchableOpacity
                activeOpacity={1}
                onPress={[Function]}
                style={
                  Object {
                    "alignItems": "center",
                    "backgroundColor": "#ADD8E6",
                    "borderRadius": 20,
                    "height": 40,
                    "justifyContent": "center",
                    "marginLeft": 25,
                    "marginTop": 100,
                    "zIndex": 100,
                  }
                }
              >
                <Text
                  accessible={true}
                  allowFontScaling={true}
                  disabled={false}
                  ellipsizeMode="tail"
                  style={undefined}
                >
                  LOG OUT
                </Text>
              </TouchableOpacity>,
              "style": Object {
                "width": 710,
              },
            },
            "ref": null,
            "rendered": Object {
              "instance": null,
              "key": undefined,
              "nodeType": "class",
              "props": Object {
                "activeOpacity": 1,
                "children": <Text
                  accessible={true}
                  allowFontScaling={true}
                  disabled={false}
                  ellipsizeMode="tail"
                  style={undefined}
                >
                  LOG OUT
                </Text>,
                "onPress": [Function],
                "style": Object {
                  "alignItems": "center",
                  "backgroundColor": "#ADD8E6",
                  "borderRadius": 20,
                  "height": 40,
                  "justifyContent": "center",
                  "marginLeft": 25,
                  "marginTop": 100,
                  "zIndex": 100,
                },
              },
              "ref": null,
              "rendered": Object {
                "instance": null,
                "key": undefined,
                "nodeType": "class",
                "props": Object {
                  "accessible": true,
                  "allowFontScaling": true,
                  "children": "LOG OUT",
                  "disabled": false,
                  "ellipsizeMode": "tail",
                  "style": undefined,
                },
                "ref": null,
                "rendered": "LOG OUT",
                "type": [Function],
              },
              "type": [Function],
            },
            "type": [Function],
          },
        ],
        "type": [Function],
      },
    ],
    "type": [Function],
  },
  Symbol(enzyme.__nodes__): Array [
    Object {
      "instance": null,
      "key": undefined,
      "nodeType": "class",
      "props": Object {
        "children": Array [
          <Image
            source={1}
            style={
              Array [
                Object {
                  "bottom": 0,
                  "left": 0,
                  "position": "absolute",
                  "right": 0,
                  "top": 0,
                },
                Object {
                  "height": undefined,
                  "width": undefined,
                },
                undefined,
              ]
            }
          />,
          <View
            style={
              Array [
                Object {
                  "flex": 1,
                },
                Object {
                  "marginTop": 20,
                },
              ]
            }
          >
            <SelectDropDownList
              displayKey="name"
              items={Array []}
              onSelectedItemsChange={[Function]}
              placeHolderText="Type planet name"
              selectedItems={Array []}
              uniqueKey="id"
            />
            <Text
              accessible={true}
              allowFontScaling={true}
              disabled={false}
              ellipsizeMode="tail"
              style={
                Object {
                  "borderColor": "#111",
                  "borderWidth": 1,
                  "color": "#111",
                  "fontSize": 16,
                  "paddingLeft": 10,
                }
              }
            >
              Population: undefined

Climate: undefined

Terrain: undefined
            </Text>
            <AnimatedComponent
              style={
                Object {
                  "width": 710,
                }
              }
            >
              <TouchableOpacity
                activeOpacity={1}
                onPress={[Function]}
                style={
                  Object {
                    "alignItems": "center",
                    "backgroundColor": "#ADD8E6",
                    "borderRadius": 20,
                    "height": 40,
                    "justifyContent": "center",
                    "marginLeft": 25,
                    "marginTop": 100,
                    "zIndex": 100,
                  }
                }
              >
                <Text
                  accessible={true}
                  allowFontScaling={true}
                  disabled={false}
                  ellipsizeMode="tail"
                  style={undefined}
                >
                  LOG OUT
                </Text>
              </TouchableOpacity>
            </AnimatedComponent>
          </View>,
        ],
        "style": Object {
          "flex": 1,
        },
      },
      "ref": [Function],
      "rendered": Array [
        Object {
          "instance": null,
          "key": undefined,
          "nodeType": "class",
          "props": Object {
            "source": 1,
            "style": Array [
              Object {
                "bottom": 0,
                "left": 0,
                "position": "absolute",
                "right": 0,
                "top": 0,
              },
              Object {
                "height": undefined,
                "width": undefined,
              },
              undefined,
            ],
          },
          "ref": null,
          "rendered": null,
          "type": [Function],
        },
        Object {
          "instance": null,
          "key": undefined,
          "nodeType": "class",
          "props": Object {
            "children": Array [
              <SelectDropDownList
                displayKey="name"
                items={Array []}
                onSelectedItemsChange={[Function]}
                placeHolderText="Type planet name"
                selectedItems={Array []}
                uniqueKey="id"
              />,
              <Text
                accessible={true}
                allowFontScaling={true}
                disabled={false}
                ellipsizeMode="tail"
                style={
                  Object {
                    "borderColor": "#111",
                    "borderWidth": 1,
                    "color": "#111",
                    "fontSize": 16,
                    "paddingLeft": 10,
                  }
                }
              >
                Population: undefined

Climate: undefined

Terrain: undefined
              </Text>,
              <AnimatedComponent
                style={
                  Object {
                    "width": 710,
                  }
                }
              >
                <TouchableOpacity
                  activeOpacity={1}
                  onPress={[Function]}
                  style={
                    Object {
                      "alignItems": "center",
                      "backgroundColor": "#ADD8E6",
                      "borderRadius": 20,
                      "height": 40,
                      "justifyContent": "center",
                      "marginLeft": 25,
                      "marginTop": 100,
                      "zIndex": 100,
                    }
                  }
                >
                  <Text
                    accessible={true}
                    allowFontScaling={true}
                    disabled={false}
                    ellipsizeMode="tail"
                    style={undefined}
                  >
                    LOG OUT
                  </Text>
                </TouchableOpacity>
              </AnimatedComponent>,
            ],
            "style": Array [
              Object {
                "flex": 1,
              },
              Object {
                "marginTop": 20,
              },
            ],
          },
          "ref": null,
          "rendered": Array [
            Object {
              "instance": null,
              "key": undefined,
              "nodeType": "class",
              "props": Object {
                "displayKey": "name",
                "items": Array [],
                "onSelectedItemsChange": [Function],
                "placeHolderText": "Type planet name",
                "selectedItems": Array [],
                "uniqueKey": "id",
              },
              "ref": null,
              "rendered": null,
              "type": [Function],
            },
            Object {
              "instance": null,
              "key": undefined,
              "nodeType": "class",
              "props": Object {
                "accessible": true,
                "allowFontScaling": true,
                "children": "Population: undefined

Climate: undefined

Terrain: undefined",
                "disabled": false,
                "ellipsizeMode": "tail",
                "style": Object {
                  "borderColor": "#111",
                  "borderWidth": 1,
                  "color": "#111",
                  "fontSize": 16,
                  "paddingLeft": 10,
                },
              },
              "ref": null,
              "rendered": "Population: undefined

Climate: undefined

Terrain: undefined",
              "type": [Function],
            },
            Object {
              "instance": null,
              "key": undefined,
              "nodeType": "class",
              "props": Object {
                "children": <TouchableOpacity
                  activeOpacity={1}
                  onPress={[Function]}
                  style={
                    Object {
                      "alignItems": "center",
                      "backgroundColor": "#ADD8E6",
                      "borderRadius": 20,
                      "height": 40,
                      "justifyContent": "center",
                      "marginLeft": 25,
                      "marginTop": 100,
                      "zIndex": 100,
                    }
                  }
                >
                  <Text
                    accessible={true}
                    allowFontScaling={true}
                    disabled={false}
                    ellipsizeMode="tail"
                    style={undefined}
                  >
                    LOG OUT
                  </Text>
                </TouchableOpacity>,
                "style": Object {
                  "width": 710,
                },
              },
              "ref": null,
              "rendered": Object {
                "instance": null,
                "key": undefined,
                "nodeType": "class",
                "props": Object {
                  "activeOpacity": 1,
                  "children": <Text
                    accessible={true}
                    allowFontScaling={true}
                    disabled={false}
                    ellipsizeMode="tail"
                    style={undefined}
                  >
                    LOG OUT
                  </Text>,
                  "onPress": [Function],
                  "style": Object {
                    "alignItems": "center",
                    "backgroundColor": "#ADD8E6",
                    "borderRadius": 20,
                    "height": 40,
                    "justifyContent": "center",
                    "marginLeft": 25,
                    "marginTop": 100,
                    "zIndex": 100,
                  },
                },
                "ref": null,
                "rendered": Object {
                  "instance": null,
                  "key": undefined,
                  "nodeType": "class",
                  "props": Object {
                    "accessible": true,
                    "allowFontScaling": true,
                    "children": "LOG OUT",
                    "disabled": false,
                    "ellipsizeMode": "tail",
                    "style": undefined,
                  },
                  "ref": null,
                  "rendered": "LOG OUT",
                  "type": [Function],
                },
                "type": [Function],
              },
              "type": [Function],
            },
          ],
          "type": [Function],
        },
      ],
      "type": [Function],
    },
  ],
  Symbol(enzyme.__options__): Object {
    "adapter": ReactSixteenAdapter {
      "options": Object {
        "enableComponentDidUpdateOnSetState": true,
      },
    },
  },
}
`;
